[caliph.my.id/index.html]
[backblue.gif]
[fade.gif]
[index.html]
[caliph.my.id/public/storage/62b96f1f3085d.jpg]
[caliph.my.id/public/storage/636b6114c22b7.jpg]
[caliph.my.id/theme/frontend/crypto-dark-v3/assets/css/vendor.bundlea8c4.css]
[caliph.my.id/theme/frontend/crypto-dark-v3/assets/css/style-darka8c4.css]
[caliph.my.id/theme/frontend/crypto-dark-v3/assets/css/stylecd0e.css]
[caliph.my.id/public/assets/backend/css/icons.min.css]
[caliph.my.id/public/storage/71b82424cccb54f74e930fee0650678a.svg]
[caliph.my.id/blog.html]
[caliph.my.id/store.html]
[caliph.my.id/projects.html]
[caliph.my.id/speedtest.html]
[caliph.my.id/admin/auth/login.html]
[caliph.my.id/harga-domain-my-id-dan-biz-id-naik-ini-yang-perlu-kamu-tahu.html]
[caliph.my.id/cdn-cgi/scripts/7d0fa10a/cloudflare-static/rocket-loader.min.js]
[caliph.my.id/public/storage/thumbnails/2cd4fb12445e950a1bd65a77d5c91f21.jpg]
[caliph.my.id/public/storage/default5e1f.jpg]
[caliph.my.id/blog/internet.html]
[caliph.my.id/public/storage/avatar/0f180002204ea2fd39a3993cbbd880ec.jpg]
[caliph.my.id/memahami-fork-bomb-serangan-denial-of-service-pada-linux-dan-cara-mencegahnya.html]
[caliph.my.id/public/storage/thumbnails/f473ececf7db55dc723c0b6f486c5b1a.png]
[caliph.my.id/blog/linux.html]
[caliph.my.id/apa-itu-gpu.html]
[caliph.my.id/public/storage/thumbnails/206aeba877664c0a5971750bf73cedf7.png]
[caliph.my.id/blog/tech.html]
[caliph.my.id/blog/hardware.html]
[caliph.my.id/apa-itu-javascript.html]
[caliph.my.id/public/storage/thumbnails/d39aa4eb42911f3a1e0f370543449272.jpg]
[caliph.my.id/blog/programming.html]
[caliph.my.id/theme/frontend/crypto-dark-v3/assets/js/jquery.bundle.js]
[caliph.my.id/theme/frontend/crypto-dark-v3/assets/js/scripts.js]
[caliph.my.id/theme/frontend/crypto-dark-v3/assets/js/charts.js]
[caliph.my.id/index.html]
[caliph.my.id/theme/frontend/crypto-dark-v3/assets/js/typed.min.js]
[caliph.my.id/theme/frontend/crypto-dark-v3/assets/fonts/Ikon-Crypto9015.ttf]
[caliph.my.id/theme/frontend/crypto-dark-v3/assets/fonts/Ikon-Crypto9015.woff]
[caliph.my.id/theme/frontend/crypto-dark-v3/assets/fonts/Ikon-Crypto9015.svg]
[caliph.my.id/theme/frontend/crypto-dark-v3/assets/fonts/themify.eot]
[caliph.my.id/theme/frontend/crypto-dark-v3/assets/fonts/themifyd41d.eot]
[caliph.my.id/theme/frontend/crypto-dark-v3/assets/fonts/themify.woff]
[caliph.my.id/theme/frontend/crypto-dark-v3/assets/fonts/themify.ttf]
[caliph.my.id/theme/frontend/crypto-dark-v3/assets/fonts/themifyd41d.svg]
[caliph.my.id/theme/frontend/crypto-dark-v3/assets/css/vendor.bundlea8c4.css]
[caliph.my.id/theme/frontend/crypto-dark-v3/assets/fonts/Poppins-Bold.eot]
[caliph.my.id/theme/frontend/crypto-dark-v3/assets/fonts/Poppins-Bold.woff2]
[caliph.my.id/theme/frontend/crypto-dark-v3/assets/fonts/Poppins-Boldd41d.eot]
[caliph.my.id/theme/frontend/crypto-dark-v3/assets/fonts/Poppins-Bold.woff]
[caliph.my.id/theme/frontend/crypto-dark-v3/assets/fonts/Poppins-Bold.ttf]
[caliph.my.id/theme/frontend/crypto-dark-v3/assets/fonts/Poppins-Light.eot]
[caliph.my.id/theme/frontend/crypto-dark-v3/assets/fonts/Poppins-Lightd41d.eot]
[caliph.my.id/theme/frontend/crypto-dark-v3/assets/fonts/Poppins-Light.woff2]
[caliph.my.id/theme/frontend/crypto-dark-v3/assets/fonts/Poppins-Light.woff]
[caliph.my.id/theme/frontend/crypto-dark-v3/assets/fonts/Poppins-Light.ttf]
[caliph.my.id/theme/frontend/crypto-dark-v3/assets/fonts/Poppins-SemiBold.eot]
[caliph.my.id/theme/frontend/crypto-dark-v3/assets/fonts/Poppins-SemiBoldd41d.eot]
[caliph.my.id/theme/frontend/crypto-dark-v3/assets/fonts/Poppins-SemiBold.woff2]
[caliph.my.id/theme/frontend/crypto-dark-v3/assets/fonts/Poppins-SemiBold.woff]
[caliph.my.id/theme/frontend/crypto-dark-v3/assets/fonts/Poppins-SemiBold.ttf]
[caliph.my.id/theme/frontend/crypto-dark-v3/assets/fonts/Poppins-Medium.eot]
[caliph.my.id/theme/frontend/crypto-dark-v3/assets/fonts/Poppins-Mediumd41d.eot]
[caliph.my.id/theme/frontend/crypto-dark-v3/assets/fonts/Poppins-Medium.woff2]
[caliph.my.id/theme/frontend/crypto-dark-v3/assets/fonts/Poppins-Medium.woff]
[caliph.my.id/theme/frontend/crypto-dark-v3/assets/fonts/Poppins-Medium.ttf]
[caliph.my.id/theme/frontend/crypto-dark-v3/assets/fonts/Poppins-Regular.eot]
[caliph.my.id/theme/frontend/crypto-dark-v3/assets/fonts/Poppins-Regulard41d.eot]
[caliph.my.id/theme/frontend/crypto-dark-v3/assets/fonts/Poppins-Regular.woff2]
[caliph.my.id/theme/frontend/crypto-dark-v3/assets/fonts/Poppins-Regular.woff]
[caliph.my.id/theme/frontend/crypto-dark-v3/assets/fonts/Poppins-Regular.ttf]
[caliph.my.id/theme/frontend/crypto-dark-v3/assets/images/shape-p.png]
[caliph.my.id/theme/frontend/crypto-dark-v3/assets/images/shape-v.png]
[caliph.my.id/theme/frontend/crypto-dark-v3/assets/css/style-darka8c4.css]
[caliph.my.id/theme/frontend/crypto-dark-v3/assets/css/stylecd0e.css]
[caliph.my.id/public/assets/backend/fonts/unicons8adf.eot]
[caliph.my.id/public/assets/backend/fonts/unicons8adf.woff2]
[caliph.my.id/public/assets/backend/fonts/unicons8adf.woff]
[caliph.my.id/public/assets/backend/fonts/unicons8adf.svg]
[caliph.my.id/public/assets/backend/fonts/dripicons-v2.eot]
[caliph.my.id/public/assets/backend/fonts/unicons8adf.ttf]
[caliph.my.id/public/assets/backend/fonts/dripicons-v2d41d.eot]
[caliph.my.id/public/assets/backend/fonts/dripicons-v2.woff]
[caliph.my.id/public/assets/backend/fonts/dripicons-v2.ttf]
[caliph.my.id/public/assets/backend/fonts/dripicons-v2.svg]
[caliph.my.id/public/assets/backend/fonts/materialdesignicons-webfontd41d.eot]
[caliph.my.id/public/assets/backend/fonts/materialdesignicons-webfonte910.woff2]
[caliph.my.id/public/assets/backend/fonts/materialdesignicons-webfonte910.woff]
[caliph.my.id/public/assets/backend/fonts/materialdesignicons-webfonte910.eot]
[caliph.my.id/public/assets/backend/css/icons.min.css]
[caliph.my.id/public/storage/71b82424cccb54f74e930fee0650678a.svg]
[caliph.my.id/blog/4.html]
[caliph.my.id/blog.html]
[caliph.my.id/blog/8.html]
[caliph.my.id/public/assets/backend/fonts/materialdesignicons-webfonte910.ttf]
[caliph.my.id/domain-murah-xyz.html]
[caliph.my.id/public/storage/thumbnails/62a333b0f2f28.png]
[caliph.my.id/store/domain.html]
[caliph.my.id/store/digital.html]
[caliph.my.id/domain-murah-my-id.html]
[caliph.my.id/public/storage/thumbnails/7999f9ade6d30325a723d9579c04c343.png]
[caliph.my.id/store.html]
[caliph.my.id/tikly-tiktok-downloader.html]
[caliph.my.id/public/storage/thumbnails/c35b2b06a450f87b9cf8e9ba546092ed.png]
[caliph.my.id/projects/web.html]
[caliph.my.id/simple-qrcode-generator.html]
[caliph.my.id/public/storage/thumbnails/default.jpg]
[caliph.my.id/filezone-file-uploader.html]
[caliph.my.id/rikka-bot-whatsapp.html]
[caliph.my.id/public/storage/thumbnails/60c11076c03f506206667399517593ab.png]
[caliph.my.id/projects.html]
[caliph.my.id/speedtest.html]
[caliph.my.id/public/assets/backend/images/favicon.ico]
[caliph.my.id/public/assets/backend/css/app.min.css]
[caliph.my.id/public/assets/backend/css/app-dark.min.css]
[caliph.my.id/public/assets/backend/toastr/toastr.min.css]
[caliph.my.id/public/assets/backend/js/vendor.min.js]
[caliph.my.id/public/assets/backend/js/app.min.js]
[caliph.my.id/public/assets/backend/toastr/toastr.min.js]
[caliph.my.id/public/assets/backend/toastr/custom.js]
[caliph.my.id/admin/auth/login.html]
[caliph.my.id/public/assets/backend/highlight/styles/github-dark.min.css]
[caliph.my.id/public/storage/blog/2cd4fb12445e950a1bd65a77d5c91f21.jpg]
[caliph.my.id/apa-itu-phishing.html]
[caliph.my.id/public/storage/thumbnails/62d639b67c46e.png]
[caliph.my.id/tentang-kode-status-domain.html]
[caliph.my.id/perbedaan-ssd-dan-hdd.html]
[caliph.my.id/blog/game.html]
[caliph.my.id/blog/ddos-attack.html]
[caliph.my.id/blog/website.html]
[caliph.my.id/blog/no_category.html]
[caliph.my.id/blog/apk-mod.html]
[caliph.my.id/blog/cloud-computing.html]
[caliph.my.id/theme/frontend/crypto-dark-v3/assets/js/bootstrap.bundle.min.js]
[caliph.my.id/public/assets/backend/highlight/highlight.min.js]
[caliph.my.id/harga-domain-my-id-dan-biz-id-naik-ini-yang-perlu-kamu-tahu.html]
[caliphweb.disqus.com/embed.js]
[caliph.my.id/blog/blog.html]
[caliph.my.id/blog/store.html]
[caliph.my.id/blog/projects.html]
[caliph.my.id/public/storage/thumbnails/0c4e9e624135fff9e1fe165981e9322a.jpg]
[caliph.my.id/blog/internet.html]
[caliph.my.id/public/storage/blog/f473ececf7db55dc723c0b6f486c5b1a.png]
[caliph.my.id/blog/index.html]
[caliph.my.id/apa-itu-web-hosting-dan-mengapa-anda-membutuhkannya.html]
[caliph.my.id/public/storage/thumbnails/fe3adc373c0fbfe0383a7be8d75acd84.jpg]
[caliph.my.id/memahami-fork-bomb-serangan-denial-of-service-pada-linux-dan-cara-mencegahnya.html]
[caliph.my.id/cara-memasang-kali-linux-dari-debian.html]
[caliph.my.id/public/storage/thumbnails/2f4c0aad287a82bc1ff737f5e9372d48.jpg]
[caliph.my.id/blog/linux.html]
[caliph.my.id/public/storage/blog/206aeba877664c0a5971750bf73cedf7.png]
[caliph.my.id/apa-itu-gpu.html]
[caliph.my.id/apa-itu-vps-dan-bagaimana-cara-memilihnya.html]
[caliph.my.id/public/storage/thumbnails/c768c11302b1819ad0c5c4c85524bd41.jpg]
[caliph.my.id/public/storage/thumbnails/6f8d1bebc5e6a799f43fe3c16d820c7d.jpg]
[caliph.my.id/blog/tech.html]
[caliph.my.id/blog/hardware.html]
[caliph.my.id/public/storage/blog/d39aa4eb42911f3a1e0f370543449272.jpg]
[caliph.my.id/apa-itu-dedicated-server.html]
[caliph.my.id/public/storage/thumbnails/dafeec59b7c7c98555cac6cf387380b8.jpg]
[caliph.my.id/apa-itu-javascript.html]
[caliph.my.id/dasar-dasar-python-panduan-lengkap-untuk-pemula.html]
[caliph.my.id/public/storage/thumbnails/fce621ecc9d48ccda48ef3d1616c8fb5.jpg]
[caliph.my.id/apa-itu-nodejs-pengenalan-nodejs-lengkap.html]
[caliph.my.id/public/storage/thumbnails/40b2231cbfa7204fa8b4e206ab1dcf6a.jpg]
[caliph.my.id/blog/programming.html]
[caliph.my.id/theme/frontend/crypto-dark-v3/assets/fonts/Ikon-Crypto9015.svg]
[caliph.my.id/theme/frontend/crypto-dark-v3/assets/fonts/themifyd41d.svg]
[caliph.my.id/public/assets/backend/fonts/unicons8adf.svg]
[caliph.my.id/public/assets/backend/fonts/dripicons-v2.svg]
[caliph.my.id/mengatasi-bullying-menjadi-bagian-dari-gerakan-anti-bullying.html]
[caliph.my.id/public/storage/thumbnails/3cc38ffc7e030866ba0f2e0d07e68d87.jpg]
[caliph.my.id/blog/4.html]
[caliph.my.id/blog/8.html]
[caliph.my.id/blog/12.html]
[caliph.my.id/public/storage/store/62a333b0f2f28.png]
[caliph.my.id/domain-murah-host]
[caliph.my.id/domain-murah-xyz.html]
[caliph.my.id/store/botwa.html]
[caliph.my.id/store/blog.html]
[caliph.my.id/store/store.html]
[caliph.my.id/store/domain.html]
[caliph.my.id/store/digital.html]
[caliph.my.id/store/projects.html]
[caliph.my.id/store/index.html]
[caliph.my.id/public/storage/store/7999f9ade6d30325a723d9579c04c343.png]
[caliph.my.id/domain-murah-my-id.html]
[caliph.my.id/public/storage/projects/c35b2b06a450f87b9cf8e9ba546092ed.png]
[caliph.my.id/public/storage/gallery/30/c9d9dd0b1c448b475322c9adad101cea.png]
[caliph.my.id/public/storage/gallery/30/64d68bcaf4b252f5d26112f11206577e.png]
[caliph.my.id/public/storage/gallery/30/404f71dd41e63eeddb3b1b7891023125.png]
[caliph.my.id/tikly-tiktok-downloader.html]
[caliph.my.id/projects/blog.html]
[caliph.my.id/projects/store.html]
[caliph.my.id/projects/web.html]
[caliph.my.id/projects/projects.html]
[caliph.my.id/projects/index.html]
[caliph.my.id/simple-qrcode-generator.html]
[caliph.my.id/tools/qrcode-generator/index.html]
[caliph.my.id/filezone-file-uploader.html]
[caliph.my.id/public/storage/projects/60c11076c03f506206667399517593ab.png]
[caliph.my.id/rikka-bot-whatsapp.html]
[caliph.my.id/public/assets/backend/images/waves.png]
[caliph.my.id/public/assets/backend/fonts/Nunito-Light.eot]
[caliph.my.id/public/assets/backend/fonts/Nunito-Lightd41d.eot]
[caliph.my.id/public/assets/backend/fonts/Nunito-Light.woff]
[caliph.my.id/public/assets/backend/fonts/Nunito-Light.ttf]
[caliph.my.id/public/assets/backend/fonts/Nunito-Light.svg]
[caliph.my.id/public/assets/backend/fonts/Nunito-Regular.eot]
[caliph.my.id/public/assets/backend/fonts/Nunito-Regulard41d.eot]
[caliph.my.id/public/assets/backend/fonts/Nunito-Regular.woff]
[caliph.my.id/public/assets/backend/fonts/Nunito-Regular.ttf]
[caliph.my.id/public/assets/backend/fonts/Nunito-Regular.svg]
[caliph.my.id/public/assets/backend/fonts/Nunito-SemiBold.eot]
[caliph.my.id/public/assets/backend/fonts/Nunito-SemiBoldd41d.eot]
[caliph.my.id/public/assets/backend/fonts/Nunito-SemiBold.woff]
[caliph.my.id/public/assets/backend/fonts/Nunito-SemiBold.ttf]
[caliph.my.id/public/assets/backend/fonts/Nunito-SemiBold.svg]
[caliph.my.id/public/assets/backend/fonts/Nunito-Bold.eot]
[caliph.my.id/public/assets/backend/fonts/Nunito-Boldd41d.eot]
[caliph.my.id/public/assets/backend/fonts/Nunito-Bold.woff]
[caliph.my.id/public/assets/backend/fonts/Nunito-Bold.ttf]
[caliph.my.id/public/assets/backend/fonts/Nunito-Bold.svg]
[caliph.my.id/public/assets/backend/images/bg-pattern.png]
[caliph.my.id/public/assets/backend/images/bg-pattern-light.svg]
[caliph.my.id/public/assets/backend/css/app.min.css]
[caliph.my.id/public/assets/backend/images/bg-pattern-dark.png]
[caliph.my.id/public/assets/backend/css/app-dark.min.css]
[caliph.my.id/public/assets/backend/toastr/toastr.min.css]
[caliph.my.id/public/assets/backend/highlight/styles/github-dark.min.css]
[caliph.my.id/public/storage/blog/62d639b67c46e.png]
[caliph.my.id/apa-itu-phishing.html]
[caliph.my.id/public/storage/blog/0c4e9e624135fff9e1fe165981e9322a.jpg]
[caliph.my.id/tentang-kode-status-domain.html]
[caliph.my.id/public/storage/blog/6f8d1bebc5e6a799f43fe3c16d820c7d.jpg]
[caliph.my.id/perbedaan-ssd-dan-hdd.html]
[caliph.my.id/blog/game.html]
[caliph.my.id/pengertian-ddos.html]
[caliph.my.id/public/storage/thumbnails/62c07c0e2dac0.png]
[caliph.my.id/blog/ddos-attack.html]
[caliph.my.id/blog/website.html]
[caliph.my.id/blog/no_category.html]
[caliph.my.id/blog/apk-mod.html]
[caliph.my.id/blog/cloud-computing.html]
[caliph.my.id/blog/blog.html]
[caliph.my.id/blog/store.html]
[caliph.my.id/blog/projects.html]
[caliph.my.id/blog/index.html]
[caliph.my.id/public/storage/blog/fe3adc373c0fbfe0383a7be8d75acd84.jpg]
[caliph.my.id/apa-itu-web-hosting-dan-mengapa-anda-membutuhkannya.html]
[caliph.my.id/public/storage/blog/2f4c0aad287a82bc1ff737f5e9372d48.jpg]
[caliph.my.id/cara-memasang-kali-linux-dari-debian.html]
[caliph.my.id/public/storage/blog/c768c11302b1819ad0c5c4c85524bd41.jpg]
[caliph.my.id/apa-itu-vps-dan-bagaimana-cara-memilihnya.html]
[caliph.my.id/public/storage/blog/dafeec59b7c7c98555cac6cf387380b8.jpg]
[caliph.my.id/apa-itu-dedicated-server.html]
[caliph.my.id/public/storage/blog/fce621ecc9d48ccda48ef3d1616c8fb5.jpg]
[caliph.my.id/dasar-dasar-python-panduan-lengkap-untuk-pemula.html]
[caliph.my.id/public/storage/blog/40b2231cbfa7204fa8b4e206ab1dcf6a.jpg]
[caliph.my.id/apa-itu-nodejs-pengenalan-nodejs-lengkap.html]
[caliph.my.id/public/storage/blog/3cc38ffc7e030866ba0f2e0d07e68d87.jpg]
[caliph.my.id/public/storage/files/33d862afeaaa73cea228cdbafd8ce487.jpg]
[caliph.my.id/public/storage/files/2ad86c77f00d79fdf4016e0b45a5ccfe.jpg]
[caliph.my.id/mengatasi-bullying-menjadi-bagian-dari-gerakan-anti-bullying.html]
[caliph.my.id/blog/12.html]
[caliph.my.id/domain-murah-host.html]
[caliph.my.id/store/botwa.html]
[caliph.my.id/store/blog.html]
[caliph.my.id/store/store.html]
[caliph.my.id/store/projects.html]
[caliph.my.id/store/index.html]
[caliph.my.id/projects/blog.html]
[caliph.my.id/projects/store.html]
[caliph.my.id/projects/projects.html]
[caliph.my.id/projects/index.html]
[caliph.my.id/tools/qrcode-generator/style.css]
[cdn.jsdelivr.net/npm/sweetalert2@11.0.19/dist/sweetalert2.all.min.js]
[caliph.my.id/tools/qrcode-generator/index.html]
[caliph.my.id/tools/qrcode-generator/script.js]
[caliph.my.id/public/assets/backend/fonts/Nunito-Light.svg]
[caliph.my.id/public/assets/backend/fonts/Nunito-Regular.svg]
[caliph.my.id/public/assets/backend/fonts/Nunito-SemiBold.svg]
[caliph.my.id/public/assets/backend/fonts/Nunito-Bold.svg]
[caliph.my.id/public/assets/backend/images/bg-pattern-light.svg]
[caliph.my.id/public/storage/blog/62c07c0e2dac0.png]
[caliph.my.id/public/storage/files/62c07cb564789.png]
[caliph.my.id/public/storage/files/62c07f17f3d71.png]
[caliph.my.id/public/storage/files/62c08007702a2.png]
[caliph.my.id/pengertian-ddos.html]
[caliph.my.id/tools/qrcode-generator/style.css]
